[09:11:22] [WARNING] mysql_connect: no password specified
[09:11:22] [ERROR] CConnection::CConnection - establishing connection to MySQL database failed: #1049 'Unknown database 'dbmeganashe''
[09:11:22] [ERROR] CConnection::CConnection - establishing connection to MySQL database failed: #1049 'Unknown database 'dbmeganashe''
[09:11:22] [ERROR] CConnection::CConnection - establishing connection to MySQL database failed: #1049 'Unknown database 'dbmeganashe''
[09:11:22] [ERROR] CConnection::CConnection - establishing connection to MySQL database failed: #1049 'Unknown database 'dbmeganashe''
[09:12:03] [WARNING] mysql_connect: no password specified
[09:12:52] [ERROR] cache_get_value_name_int: invalid row index '0' (number of rows: '0')
[09:12:52] [ERROR] cache_get_value_name_float: invalid row index '0' (number of rows: '0')
[09:12:52] [ERROR] cache_get_value_name_float: invalid row index '0' (number of rows: '0')
[09:12:52] [ERROR] cache_get_value_name_float: invalid row index '0' (number of rows: '0')
[09:12:52] [ERROR] cache_get_value_name_int: invalid row index '0' (number of rows: '0')
[09:12:52] [ERROR] cache_get_value_name_float: invalid row index '0' (number of rows: '0')
[09:12:52] [ERROR] cache_get_value_name_float: invalid row index '0' (number of rows: '0')
[09:12:52] [ERROR] cache_get_value_name_int: invalid row index '0' (number of rows: '0')
[09:12:52] [ERROR] cache_get_value_name_int: invalid row index '0' (number of rows: '0')
[09:12:52] [ERROR] cache_get_value_name_int: invalid row index '0' (number of rows: '0')
[09:12:52] [ERROR] cache_get_value_name_int: invalid row index '0' (number of rows: '0')
[09:12:52] [ERROR] cache_get_value_name_int: invalid row index '0' (number of rows: '0')
[09:12:52] [ERROR] cache_get_value_name_int: invalid row index '0' (number of rows: '0')
[09:12:52] [ERROR] cache_get_value_name_int: invalid row index '0' (number of rows: '0')
[09:12:52] [ERROR] cache_get_value_name_int: invalid row index '0' (number of rows: '0')
[09:12:52] [ERROR] cache_get_value_name_int: invalid row index '0' (number of rows: '0')
[09:18:11] [WARNING] mysql_connect: no password specified
[09:18:41] [ERROR] cache_get_value_name_int: invalid row index '0' (number of rows: '0')
[09:18:41] [ERROR] cache_get_value_name_float: invalid row index '0' (number of rows: '0')
[09:18:41] [ERROR] cache_get_value_name_float: invalid row index '0' (number of rows: '0')
[09:18:41] [ERROR] cache_get_value_name_float: invalid row index '0' (number of rows: '0')
[09:18:41] [ERROR] cache_get_value_name_int: invalid row index '0' (number of rows: '0')
[09:18:41] [ERROR] cache_get_value_name_float: invalid row index '100' (number of rows: '0')
[09:18:41] [ERROR] cache_get_value_name_float: invalid row index '0' (number of rows: '0')
[09:18:41] [ERROR] cache_get_value_name_int: invalid row index '0' (number of rows: '0')
[09:18:41] [ERROR] cache_get_value_name_int: invalid row index '0' (number of rows: '0')
[09:18:41] [ERROR] cache_get_value_name_int: invalid row index '0' (number of rows: '0')
[09:18:41] [ERROR] cache_get_value_name_int: invalid row index '0' (number of rows: '0')
[09:18:41] [ERROR] cache_get_value_name_int: invalid row index '0' (number of rows: '0')
[09:18:41] [ERROR] cache_get_value_name_int: invalid row index '0' (number of rows: '0')
[09:18:41] [ERROR] cache_get_value_name_int: invalid row index '0' (number of rows: '0')
[09:18:41] [ERROR] cache_get_value_name_int: invalid row index '0' (number of rows: '0')
[09:18:41] [ERROR] cache_get_value_name_int: invalid row index '0' (number of rows: '0')
[09:20:04] [WARNING] mysql_connect: no password specified
[09:20:38] [ERROR] cache_get_value_name_int: invalid row index '0' (number of rows: '0')
[09:20:38] [ERROR] cache_get_value_name_float: invalid row index '0' (number of rows: '0')
[09:20:38] [ERROR] cache_get_value_name_float: invalid row index '0' (number of rows: '0')
[09:20:38] [ERROR] cache_get_value_name_float: invalid row index '0' (number of rows: '0')
[09:20:38] [ERROR] cache_get_value_name_int: invalid row index '0' (number of rows: '0')
[09:20:38] [ERROR] cache_get_value_name_float: invalid row index '100' (number of rows: '0')
[09:20:38] [ERROR] cache_get_value_name_float: invalid row index '0' (number of rows: '0')
[09:20:38] [ERROR] cache_get_value_name_int: invalid row index '0' (number of rows: '0')
[09:20:38] [ERROR] cache_get_value_name_int: invalid row index '0' (number of rows: '0')
[09:20:38] [ERROR] cache_get_value_name_int: invalid row index '0' (number of rows: '0')
[09:20:38] [ERROR] cache_get_value_name_int: invalid row index '0' (number of rows: '0')
[09:20:38] [ERROR] cache_get_value_name_int: invalid row index '0' (number of rows: '0')
[09:20:38] [ERROR] cache_get_value_name_int: invalid row index '0' (number of rows: '0')
[09:20:38] [ERROR] cache_get_value_name_int: invalid row index '0' (number of rows: '0')
[09:20:38] [ERROR] cache_get_value_name_int: invalid row index '0' (number of rows: '0')
[09:20:38] [ERROR] cache_get_value_name_int: invalid row index '0' (number of rows: '0')
[09:21:06] [WARNING] mysql_connect: no password specified
[09:21:39] [ERROR] cache_get_value_name_int: invalid row index '0' (number of rows: '0')
[09:21:39] [ERROR] cache_get_value_name_float: invalid row index '0' (number of rows: '0')
[09:21:39] [ERROR] cache_get_value_name_float: invalid row index '0' (number of rows: '0')
[09:21:39] [ERROR] cache_get_value_name_float: invalid row index '0' (number of rows: '0')
[09:21:39] [ERROR] cache_get_value_name_int: invalid row index '0' (number of rows: '0')
[09:21:39] [ERROR] cache_get_value_name_float: invalid row index '100' (number of rows: '0')
[09:21:39] [ERROR] cache_get_value_name_float: invalid row index '0' (number of rows: '0')
[09:21:39] [ERROR] cache_get_value_name_int: invalid row index '0' (number of rows: '0')
[09:21:39] [ERROR] cache_get_value_name_int: invalid row index '0' (number of rows: '0')
[09:21:39] [ERROR] cache_get_value_name_int: invalid row index '0' (number of rows: '0')
[09:21:39] [ERROR] cache_get_value_name_int: invalid row index '0' (number of rows: '0')
[09:21:39] [ERROR] cache_get_value_name_int: invalid row index '0' (number of rows: '0')
[09:21:40] [ERROR] cache_get_value_name_int: invalid row index '0' (number of rows: '0')
[09:21:40] [ERROR] cache_get_value_name_int: invalid row index '0' (number of rows: '0')
[09:21:40] [ERROR] cache_get_value_name_int: invalid row index '0' (number of rows: '0')
[09:21:40] [ERROR] cache_get_value_name_int: invalid row index '0' (number of rows: '0')
[09:32:22] [WARNING] mysql_connect: no password specified
[09:33:15] [ERROR] cache_get_value_name_int: invalid row index '0' (number of rows: '0')
[09:33:15] [ERROR] cache_get_value_name_float: invalid row index '0' (number of rows: '0')
[09:33:15] [ERROR] cache_get_value_name_float: invalid row index '0' (number of rows: '0')
[09:33:15] [ERROR] cache_get_value_name_float: invalid row index '0' (number of rows: '0')
[09:33:15] [ERROR] cache_get_value_name_int: invalid row index '0' (number of rows: '0')
[09:33:15] [ERROR] cache_get_value_name_float: invalid row index '100' (number of rows: '0')
[09:33:15] [ERROR] cache_get_value_name_float: invalid row index '0' (number of rows: '0')
[09:33:15] [ERROR] cache_get_value_name_int: invalid row index '0' (number of rows: '0')
[09:33:15] [ERROR] cache_get_value_name_int: invalid row index '0' (number of rows: '0')
[09:33:15] [ERROR] cache_get_value_name_int: invalid row index '0' (number of rows: '0')
[09:33:15] [ERROR] cache_get_value_name_int: invalid row index '0' (number of rows: '0')
[09:33:15] [ERROR] cache_get_value_name_int: invalid row index '0' (number of rows: '0')
[09:33:15] [ERROR] cache_get_value_name_int: invalid row index '0' (number of rows: '0')
[09:33:15] [ERROR] cache_get_value_name_int: invalid row index '0' (number of rows: '0')
[09:33:15] [ERROR] cache_get_value_name_int: invalid row index '0' (number of rows: '0')
[09:33:15] [ERROR] cache_get_value_name_int: invalid row index '0' (number of rows: '0')
[09:34:05] [WARNING] mysql_connect: no password specified
[09:34:38] [ERROR] cache_get_value_name_int: invalid row index '0' (number of rows: '0')
[09:34:38] [ERROR] cache_get_value_name_float: invalid row index '0' (number of rows: '0')
[09:34:38] [ERROR] cache_get_value_name_float: invalid row index '0' (number of rows: '0')
[09:34:38] [ERROR] cache_get_value_name_float: invalid row index '0' (number of rows: '0')
[09:34:38] [ERROR] cache_get_value_name_int: invalid row index '0' (number of rows: '0')
[09:34:38] [ERROR] cache_get_value_name_float: invalid row index '100' (number of rows: '0')
[09:34:38] [ERROR] cache_get_value_name_float: invalid row index '0' (number of rows: '0')
[09:34:38] [ERROR] cache_get_value_name_int: invalid row index '0' (number of rows: '0')
[09:34:38] [ERROR] cache_get_value_name_int: invalid row index '0' (number of rows: '0')
[09:34:38] [ERROR] cache_get_value_name_int: invalid row index '0' (number of rows: '0')
[09:34:38] [ERROR] cache_get_value_name_int: invalid row index '0' (number of rows: '0')
[09:34:38] [ERROR] cache_get_value_name_int: invalid row index '0' (number of rows: '0')
[09:34:38] [ERROR] cache_get_value_name_int: invalid row index '0' (number of rows: '0')
[09:34:38] [ERROR] cache_get_value_name_int: invalid row index '0' (number of rows: '0')
[09:34:38] [ERROR] cache_get_value_name_int: invalid row index '0' (number of rows: '0')
[09:34:38] [ERROR] cache_get_value_name_int: invalid row index '0' (number of rows: '0')
[09:44:10] [WARNING] mysql_connect: no password specified
[09:44:48] [ERROR] cache_get_value_name_int: invalid row index '0' (number of rows: '0')
[09:44:48] [ERROR] cache_get_value_name_float: invalid row index '0' (number of rows: '0')
[09:44:48] [ERROR] cache_get_value_name_float: invalid row index '0' (number of rows: '0')
[09:44:48] [ERROR] cache_get_value_name_float: invalid row index '0' (number of rows: '0')
[09:44:48] [ERROR] cache_get_value_name_int: invalid row index '0' (number of rows: '0')
[09:44:48] [ERROR] cache_get_value_name_float: invalid row index '100' (number of rows: '0')
[09:44:48] [ERROR] cache_get_value_name_float: invalid row index '0' (number of rows: '0')
[09:44:48] [ERROR] cache_get_value_name_int: invalid row index '0' (number of rows: '0')
[09:44:48] [ERROR] cache_get_value_name_int: invalid row index '0' (number of rows: '0')
[09:44:48] [ERROR] cache_get_value_name_int: invalid row index '0' (number of rows: '0')
[09:44:48] [ERROR] cache_get_value_name_int: invalid row index '0' (number of rows: '0')
[09:44:48] [ERROR] cache_get_value_name_int: invalid row index '0' (number of rows: '0')
[09:44:48] [ERROR] cache_get_value_name_int: invalid row index '0' (number of rows: '0')
[09:44:48] [ERROR] cache_get_value_name_int: invalid row index '0' (number of rows: '0')
[09:44:48] [ERROR] cache_get_value_name_int: invalid row index '0' (number of rows: '0')
[09:44:48] [ERROR] cache_get_value_name_int: invalid row index '0' (number of rows: '0')
[17:03:52] [WARNING] mysql_connect: no password specified
[17:03:52] [ERROR] CConnection::CConnection - establishing connection to MySQL database failed: #1049 'Unknown database 'dbsql''
[17:03:52] [ERROR] CConnection::CConnection - establishing connection to MySQL database failed: #1049 'Unknown database 'dbsql''
[17:03:52] [ERROR] CConnection::CConnection - establishing connection to MySQL database failed: #1049 'Unknown database 'dbsql''
[17:03:52] [ERROR] CConnection::CConnection - establishing connection to MySQL database failed: #1049 'Unknown database 'dbsql''
[17:04:41] [WARNING] mysql_connect: no password specified
[17:06:10] [ERROR] cache_get_value_name_int: invalid row index '0' (number of rows: '0')
[17:06:10] [ERROR] cache_get_value_name_float: invalid row index '0' (number of rows: '0')
[17:06:10] [ERROR] cache_get_value_name_float: invalid row index '0' (number of rows: '0')
[17:06:10] [ERROR] cache_get_value_name_float: invalid row index '0' (number of rows: '0')
[17:06:10] [ERROR] cache_get_value_name_int: invalid row index '0' (number of rows: '0')
[17:06:10] [ERROR] cache_get_value_name_float: invalid row index '100' (number of rows: '0')
[17:06:10] [ERROR] cache_get_value_name_float: invalid row index '0' (number of rows: '0')
[17:06:10] [ERROR] cache_get_value_name_int: invalid row index '0' (number of rows: '0')
[17:06:10] [ERROR] cache_get_value_name_int: invalid row index '0' (number of rows: '0')
[17:06:10] [ERROR] cache_get_value_name_int: invalid row index '0' (number of rows: '0')
[17:06:10] [ERROR] cache_get_value_name_int: invalid row index '0' (number of rows: '0')
[17:06:10] [ERROR] cache_get_value_name_int: invalid row index '0' (number of rows: '0')
[17:06:10] [ERROR] cache_get_value_name_int: invalid row index '0' (number of rows: '0')
[17:06:10] [ERROR] cache_get_value_name_int: invalid row index '0' (number of rows: '0')
[17:06:10] [ERROR] cache_get_value_name_int: invalid row index '0' (number of rows: '0')
[17:06:10] [ERROR] cache_get_value_name_int: invalid row index '0' (number of rows: '0')
[17:08:39] [WARNING] mysql_connect: no password specified
[17:09:13] [ERROR] cache_get_value_name_int: invalid row index '0' (number of rows: '0')
[17:09:13] [ERROR] cache_get_value_name_float: invalid row index '0' (number of rows: '0')
[17:09:13] [ERROR] cache_get_value_name_float: invalid row index '0' (number of rows: '0')
[17:09:13] [ERROR] cache_get_value_name_float: invalid row index '0' (number of rows: '0')
[17:09:13] [ERROR] cache_get_value_name_int: invalid row index '0' (number of rows: '0')
[17:09:13] [ERROR] cache_get_value_name_float: invalid row index '100' (number of rows: '0')
[17:09:13] [ERROR] cache_get_value_name_float: invalid row index '0' (number of rows: '0')
[17:09:13] [ERROR] cache_get_value_name_int: invalid row index '0' (number of rows: '0')
[17:09:13] [ERROR] cache_get_value_name_int: invalid row index '0' (number of rows: '0')
[17:09:13] [ERROR] cache_get_value_name_int: invalid row index '0' (number of rows: '0')
[17:09:13] [ERROR] cache_get_value_name_int: invalid row index '0' (number of rows: '0')
[17:09:13] [ERROR] cache_get_value_name_int: invalid row index '0' (number of rows: '0')
[17:09:13] [ERROR] cache_get_value_name_int: invalid row index '0' (number of rows: '0')
[17:09:13] [ERROR] cache_get_value_name_int: invalid row index '0' (number of rows: '0')
[17:09:13] [ERROR] cache_get_value_name_int: invalid row index '0' (number of rows: '0')
[17:09:13] [ERROR] cache_get_value_name_int: invalid row index '0' (number of rows: '0')
